Resolving dependencies...
Downloading packages...
  _fe_analyzer_shared 91.0.0 (94.0.0 available)
  analyzer 8.4.1 (10.0.2 available)
  characters 1.4.0 (1.4.1 available)
  cross_file 0.3.5+1 (0.3.5+2 available)
  json_annotation 4.9.0 (4.10.0 available)
  lints 6.0.0 (6.1.0 available)
  matcher 0.12.17 (0.12.18 available)
  material_color_utilities 0.11.1 (0.13.0 available)
  meta 1.17.0 (1.18.1 available)
  objective_c 9.2.3 (9.2.5 available)
  pointycastle 3.9.1 (4.0.0 available)
  shared_preferences_android 2.4.18 (2.4.20 available)
  test 1.26.3 (1.29.0 available)
  test_api 0.7.7 (0.7.9 available)
  test_core 0.6.12 (0.6.15 available)
  timezone 0.10.1 (0.11.0 available)
Got dependencies!
16 packages have newer versions incompatible with dependency constraints.
Try `flutter pub outdated` for more information.
00:00 +0: loading /home/satyakommula/opensource/trueledger/test/widget/screens/weekly_reflection_test.dart                                                                                             00:01 +0: loading /home/satyakommula/opensource/trueledger/test/widget/screens/weekly_reflection_test.dart                                                                                             00:01 +0: (setUpAll)                                                                                                                                                                                   00:01 +0: WeeklyReflectionScreen renders with data                                                                                                                                                     00:01 +0: WeeklyReflectionScreen renders with data                                                                                                                                                     
══╡ EXCEPTION CAUGHT BY FLUTTER TEST FRAMEWORK ╞════════════════════════════════════════════════════
The following TestFailure was thrown running a test:
Expected: exactly one matching candidate
  Actual: _TextWidgetFinder:<Found 0 widgets with text "Spending Consistency": []>
   Which: means none were found but one was expected

When the exception was thrown, this was the stack:
#4      main.<anonymous closure> (file:///home/satyakommula/opensource/trueledger/test/widget/screens/weekly_reflection_test.dart:65:5)
<asynchronous suspension>
#5      testWidgets.<anonymous closure>.<anonymous closure> (package:flutter_test/src/widget_tester.dart:192:15)
<asynchronous suspension>
#6      TestWidgetsFlutterBinding._runTestBody (package:flutter_test/src/binding.dart:1059:5)
<asynchronous suspension>
<asynchronous suspension>
(elided one frame from package:stack_trace)

This was caught by the test expectation on the following line:
  file:///home/satyakommula/opensource/trueledger/test/widget/screens/weekly_reflection_test.dart line 65
The test description was:
  WeeklyReflectionScreen renders with data
════════════════════════════════════════════════════════════════════════════════════════════════════
00:01 +0 -1: WeeklyReflectionScreen renders with data [E]                                                                                                                                              
  Test failed. See exception logs above.
  The test description was: WeeklyReflectionScreen renders with data
  

To run this test again: /opt/flutter/bin/cache/dart-sdk/bin/dart test /home/satyakommula/opensource/trueledger/test/widget/screens/weekly_reflection_test.dart -p vm --plain-name 'WeeklyReflectionScreen renders with data'
00:01 +0 -1: (tearDownAll)                                                                                                                                                                             00:01 +0 -1: Some tests failed.                                                                                                                                                                        
